\BOOKMARK [1][-]{section.1}{\376\377\306\134\000\040\307\164\000\040\261\174\273\070\307\104\000\040\307\175\305\264\305\174\000\040\325\130\262\224\254\000}{}% 1
\BOOKMARK [1][-]{section.2}{\376\377\276\110\263\304\310\374\307\130\000\040\255\000\310\020\305\320\301\034\000\040\274\370\000\040\262\344\311\021\276\104\255\120\000\040\273\070\310\034\000\040\000\050\000I\000H\000D\000P\000\040\0008\254\034\000\040\300\254\307\164\322\270\000\051}{}% 2
\BOOKMARK [2][-]{subsection.2.1}{\376\377\263\160\307\164\321\060\306\100\000\040\272\250\326\025}{section.2}% 3
\BOOKMARK [2][-]{subsection.2.2}{\376\377\300\254\307\164\322\270\274\304\000\040\254\034\274\304\000\040\254\200\310\025}{section.2}% 4
\BOOKMARK [2][-]{subsection.2.3}{\376\377\000B\000o\000n\000f\000e\000r\000r\000o\000n\000i\000\040\274\364\310\025}{section.2}% 5
\BOOKMARK [2][-]{subsection.2.4}{\376\377\000F\000D\000R\000\040\000\050\000B\000e\000n\000j\000a\000m\000i\000n\000i\040\023\000H\000o\000c\000h\000b\000e\000r\000g\000\051}{section.2}% 6
\BOOKMARK [1][-]{section.3}{\376\377\262\344\271\170\000\040\255\000\310\020\000:\000\040\000T\000y\000p\000e\000\040\000S\000,\000\040\000T\000y\000p\000e\000\040\000M\000\040\000e\000r\000r\000o\000r}{}% 7
\BOOKMARK [1][-]{section.4}{\376\377\274\240\307\164\311\300\305\110\000\040\262\344\316\065\000\050\000H\000i\000e\000r\000a\000r\000c\000h\000i\000c\000a\000l\000\051\000\040\272\250\326\025}{}% 8
\BOOKMARK [2][-]{subsection.4.1}{\376\377\272\250\326\025\000\040\310\025\307\130}{section.4}% 9
\BOOKMARK [2][-]{subsection.4.2}{\376\377\000P\000o\000o\000l\000i\000n\000g\307\130\000\040\301\070\000\040\254\000\311\300\000\040\305\221\300\301}{section.4}% 10
\BOOKMARK [2][-]{subsection.4.3}{\376\377\000S\000h\000r\000i\000n\000k\000a\000g\000e\307\130\000\040\263\000\302\030\310\001\000\040\307\040\263\304}{section.4}% 11
\BOOKMARK [1][-]{section.5}{\376\377\306\010\310\034\000\040\0001\000:\000\040\000E\000i\000g\000h\000t\000\040\000S\000c\000h\000o\000o\000l\000s\000\040\000\050\000R\000u\000b\000i\000n\000\040\0001\0009\0008\0001\000\051}{}% 12
\BOOKMARK [2][-]{subsection.5.1}{\376\377\302\344\310\034\000\040\263\160\307\164\321\060}{section.5}% 13
\BOOKMARK [2][-]{subsection.5.2}{\376\377\301\070\000\040\254\000\311\300\000\040\275\204\301\035\307\130\000\040\276\104\255\120}{section.5}% 14
\BOOKMARK [2][-]{subsection.5.3}{\376\377\000S\000t\000a\000n\000\040\000/\000\040\000P\000y\000M\000C\000\040\317\124\264\334}{section.5}% 15
\BOOKMARK [1][-]{section.6}{\376\377\306\010\310\034\000\040\0002\000:\000\040\000I\000H\000D\000P\000\040\0008\254\034\000\040\300\254\307\164\322\270\000\040\302\334\273\254\270\010\307\164\301\130}{}% 16
\BOOKMARK [2][-]{subsection.6.1}{\376\377\000G\000i\000b\000b\000s\000\040\000s\000a\000m\000p\000l\000e\000r\000\040\000\050\325\131\300\335\000\040\311\301\310\021\000\040\255\154\326\004\306\251\000\051}{section.6}% 17
\BOOKMARK [1][-]{section.7}{\376\377\254\260\270\140\254\374\000\040\255\214\254\340}{}% 18
\BOOKMARK [2][-]{subsection.7.1}{\376\377\276\110\263\304\310\374\307\130\307\220\254\000\000\040\307\220\310\374\000\040\325\130\262\224\000\040\302\344\302\030\000\040\272\250\307\114}{section.7}% 19
\BOOKMARK [2][-]{subsection.7.2}{\376\377\305\270\310\034\000\040\262\344\316\065\272\250\326\025\307\164\000\040\254\000\307\245\000\040\307\040\306\251\325\134\254\000}{section.7}% 20
\BOOKMARK [1][-]{section.8}{\376\377\305\360\302\265\273\070\310\034}{}% 21
